// Jest Snapshot v1, https://goo.gl/fbAQLP

exports[`components/Header 1`] = `
<header
  className="header"
>
  <h1>
    Crossover video portal
  </h1>
</header>
`;
