// Jest Snapshot v1, https://goo.gl/fbAQLP

exports[`components/AppContent 1`] = `
<article>
  <div
    className="container"
  >
    <p>
      Content..
    </p>
  </div>
</article>
`;
